// Jest Snapshot v1, https://goo.gl/fbAQLP

exports[`<BtnLogin /> Snapshots tests should render successfully and match snapshot 1`] = `
<div>
  <button
    class="sc-bcXHqe hITTHK"
    type="submit"
  />
</div>
`;
